#./src/main/resources/Entities.map
#Sat Nov 10 15:47:51 CET 2018
parentCategory=159
application1=216
endoserRecord3=192
endoserRecord2=191
endoserRecord1=190
tutorial1=215
complaint1=198
finder1=208
personalRecord2=184
personalRecord1=183
phase1=204
profileSocialNetwork3=148
profileSocialNetwork2=147
profileSocialNetwork1=146
actor3=151
referee1=197
professionalRecord2=186
actor2=150
messageBox3=154
professionalRecord1=185
actor1=149
messageBox2=153
customizableSystem1=203
messageBox1=152
spamWord2=165
spamWord1=164
section4=182
administrator1=163
section3=181
section2=180
section1=179
word2=158
word1=157
attachment1=201
curricula1=196
warranty1=175
endorsement4=214
endorsement3=213
endorsement2=212
endorsement1=211
report1=199
customer2=206
customer1=205
creditCard2=171
creditCard1=170
educationRecord3=195
educationRecord2=194
educationRecord1=193
customizableFinder1=202
message2=156
message1=155
handyWorker1=210
soonCategory3=162
soonCategory2=161
note1=200
soonCategory1=160
sponsorship2=173
sponsorship1=172
fixUpTask1=209
creditCardType4=169
creditCardType3=168
creditCardType2=167
filter1=207
userAccount5=145
creditCardType1=166
userAccount4=144
userAccount3=143
userAccount2=142
picture3=178
miscellaneousRecord3=189
userAccount1=141
picture2=177
miscellaneousRecord2=188
picture1=176
miscellaneousRecord1=187
sponsor1=174
