#./src/main/resources/Entities.map
#Fri Nov 09 18:08:52 CET 2018
creditCard2=153
educationRecord2=174
creditCard1=152
actor1=134
educationRecord1=173
application1=195
tutorial1=194
curricula1=175
message1=138
filter1=186
sponsor1=156
handyWorker1=189
parentCategory=141
profileSocialNetwork2=133
profileSocialNetwork1=132
endorsement4=193
endorsement3=192
endorsement2=191
endorsement1=190
phase1=183
endoserRecord2=172
fixUpTask1=188
endoserRecord1=171
section4=164
section3=163
customer2=185
section2=162
soonCategory3=144
customer1=184
soonCategory2=143
section1=161
professionalRecord2=168
soonCategory1=142
professionalRecord1=167
miscellaneousRecord2=170
miscellaneousRecord1=169
note1=179
creditCardType4=151
personalRecord2=166
creditCardType3=150
personalRecord1=165
creditCardType2=149
creditCardType1=148
warranty1=157
administrator1=145
word2=140
spamWord2=147
word1=139
spamWord1=146
picture3=160
picture2=159
picture1=158
userAccount5=131
userAccount4=130
userAccount3=129
customizableFinder1=181
report1=178
userAccount2=128
userAccount1=127
referee1=176
complaint1=177
customizableSystem1=182
messageBox3=137
messageBox2=136
sponsorship2=155
messageBox1=135
attachment1=180
sponsorship1=154
finder1=187
